{
  "exclude": {
    "files": "^.secrets.baseline$",
    "lines": null
  },
  "generated_at": "2026-08-10T20:09:57Z",
  "plugins_used": [
    {
      "name": "AWSKeyDetector"
    },
    {
      "name": "ArtifactoryDetector"
    },
    {
      "name": "AzureStorageKeyDetector"
    },
    {
      "base64_limit": 4.5,
      "name": "Base64HighEntropyString"
    },
    {
      "name": "BasicAuthDetector"
    },
    {
      "name": "BoxDetector"
    },
    {
      "name": "CloudantDetector"
    },
    {
      "ghe_instance": "github.ibm.com",
      "name": "GheDetector"
    },
    {
      "name": "GitHubTokenDetector"
    },
    {
      "hex_limit": 3,
      "name": "HexHighEntropyString"
    },
    {
      "name": "IbmCloudIamDetector"
    },
    {
      "name": "IbmCosHmacDetector"
    },
    {
      "name": "JwtTokenDetector"
    },
    {
      "keyword_exclude": null,
      "name": "KeywordDetector"
    },
    {
      "name": "MailchimpDetector"
    },
    {
      "name": "NpmDetector"
    },
    {
      "name": "PrivateKeyDetector"
    },
    {
      "name": "SlackDetector"
    },
    {
      "name": "SoftlayerDetector"
    },
    {
      "name": "SquareOAuthDetector"
    },
    {
      "name": "StripeDetector"
    },
    {
      "name": "TwilioKeyDetector"
    }
  ],
  "results": {
    "README.md": [
      {
        "hashed_secret": "7fb5e464b1a991cc161656a6bc4fa871281a7eec",
        "is_secret": false,
        "is_verified": false,
        "line_number": 44,
        "type": "Secret Keyword",
        "verified_result": null
      },
      {
        "hashed_secret": "ef9f5d3f348c861a6658c5a9f3ce166175a0b205",
        "is_secret": false,
        "is_verified": false,
        "line_number": 52,
        "type": "Secret Keyword",
        "verified_result": null
      },
      {
        "hashed_secret": "cdbbf7eb61c1c610ce7566af878352617e85c9d1",
        "is_secret": false,
        "is_verified": false,
        "line_number": 136,
        "type": "Secret Keyword",
        "verified_result": null
      },
      {
        "hashed_secret": "05672043f03564fec5403ccfc5a42d2dfc4b5300",
        "is_secret": false,
        "is_verified": false,
        "line_number": 184,
        "type": "Secret Keyword",
        "verified_result": null
      }
    ]
  },
  "version": "0.13.1+ibm.64.dss",
  "word_list": {
    "file": null,
    "hash": null
  }
}
